Start building sites … 

Template Metrics:

      cache     cumulative       average       maximum         
  potential       duration      duration      duration  count  template
      -----     ----------      --------      --------  -----  --------
          0 33m31.5456494s  901.634087ms    3.0587915s   2231  taxonomy/collections.html
          0 2m43.3258633s  240.538826ms    697.4788ms    679  _default/regulated-single.html
          0 2m23.1028779s  581.719015ms    1.3259284s    246  _default/list-news.html
          0  2m7.9587728s   73.244861ms     561.292ms   1747  _default/offering-single.html
          0 1m52.3699489s  780.346867ms    1.5266324s    144  _default/list-event-past.html
          0 1m33.9737981s   65.350346ms    563.4123ms   1438  past/single.html
          0 1m18.7863378s  498.647707ms     1.186749s    158  communities/medigy-pandemic/single.html
         80 1m16.3636376s  483.314162ms    1.1688661s    158  partials/communities/pandemic/related-post.html
          0 1m10.4354022s  402.488012ms    1.0052666s    175  _default/brief_updated.html
          0  1m8.5525737s  285.635723ms    1.0452509s    240  _default/latest.html
          0  1m7.9058433s   388.03339ms    871.8474ms    175  _default/brief_discovered.html
          0  1m2.5391146s   27.696684ms    271.4344ms   2258  news/single.html
          0   51.0841968s    561.3648ms    1.5517244s     91  _default/list.json.json
          0   48.3228549s  182.350395ms    492.8118ms    265  taxonomy/communitytopics.html
          0   39.3637473s     204.248µs    847.9664ms  192725  _default/item.json.json
          0    33.848447s   46.304305ms    325.0832ms    731  communities/medigy-chronic-care-management/single.html
          0   33.4463373s  3.040576118s   27.3035018s     11  profile/single.html
          0   32.0927403s    2.823325ms    244.8452ms  11367  _default/li.html
         91   26.7394197s    2.107623ms    145.7907ms  12687  partials/nav-bar.html
          0   21.1921369s  847.685476ms    1.4029041s     25  _default/list-event-canceled.html
          0   19.7884538s  471.153661ms    1.0043745s     42  communities/medigy-femtech/single.html
         84   19.4031753s  461.980364ms    995.1899ms     42  partials/communities/medigy-femtech/related-post.html
          0   17.1965591s   245.66513ms     550.037ms     70  taxonomy/geographycensusdivisions.html
          0   17.1331976s  244.759965ms    552.5146ms     70  taxonomy/geographycensusregions.html
          0    16.293337s  232.761957ms    484.6264ms     70  taxonomy/geographystates.html
          0   16.1599253s      478.84µs     44.7249ms  33748  _default/single.json.json
          0    15.557813s  185.212059ms    357.1952ms     84  communities/medigy-security/single.html
          0   14.9607294s     570.649µs     32.3965ms  26217  _default/single.html
         95   14.5910948s  173.703509ms    338.8051ms     84  partials/communities/medigy-security/related-post.html
          0   11.9037466s  170.053522ms    344.4083ms     70  taxonomy/hdotypes.html
          0   11.5026412s    8.072028ms    151.2739ms   1425  _default/list.html
          0   10.4231674s   42.893693ms    529.1855ms    243  canceled/single.html
          0    9.9152329s  300.461603ms    521.1497ms     33  communities/medigy-risk-and-compliance/single.html
          0    9.6200045s  141.470654ms    253.9237ms     68  taxonomy/institutiontypes.html
        100     9.144417s  277.103545ms     458.434ms     33  partials/communities/medigy-risk-and-compliance/related-post.html
          0    8.1947734s   2.04869335s    2.1646173s      4  _default/brief_latest.html
          0    8.0237878s    1.746199ms    1.4342788s   4595  _default/rss.xml
          0    7.6773717s  1.919342925s     2.103189s      4  _default/brief_popular.html
          0    7.1363546s     494.584µs       48.59ms  14429  _default/li-regular-institution.html
          0    7.0899768s    393.8876ms    627.2892ms     18  _default/brief_trending.html
          5    6.5237127s      716.34µs     24.8152ms   9107  partials/head.html
          0    6.3620281s     990.815µs    182.0408ms   6421  _default/li-news.html
          0    6.0228199s    10.56635ms     39.0611ms    570  taxonomy/geographyzipcodes.html
          0    5.9035288s    8.694445ms     33.6654ms    679  partials/cadds-likert.html
         29     5.306192s    3.037316ms     16.6566ms   1747  partials/offering-cadd-questions.html
         57     4.495165s     141.352µs     16.4792ms  31801  partials/bread-crumb.html
         99    4.3867327s    6.518176ms     30.4702ms    673  partials/likert-fetch-functions.html
         21    4.3015841s    2.985138ms     18.8433ms   1441  partials/past-cadd-yes-no.html
          0    4.1800333s     6.15616ms     29.0528ms    679  partials/about-your-innovation-cadd.html
         52    3.7904623s    2.601552ms    126.4716ms   1457  partials/communities/medigy-chronic-care-management-ccm/share.html
          0    3.4117944s  155.081563ms    372.7012ms     22  upcoming/single.html
          0    3.2239276s    805.9819ms    1.1788201s      4  _default/list-event-upcoming.html
          0    2.8977606s    1.658706ms     42.8417ms   1747  _default/li-brief-daily-updated.html
          0    2.5436857s    2.5436857s    2.5436857s      1  _default/list-topics.html
          0    2.0293922s   11.212111ms     39.6922ms    181  taxonomy/tenantid.html
          5    2.0038212s      63.406µs     20.9832ms  31603  partials/social-share-button.html
          0    2.0011421s    2.0011421s    2.0011421s      1  section/sitemap.html
          0    1.9084655s   190.84655ms    242.9388ms     10  section/evaluation-facets.html
          0    1.7810228s    2.436419ms     99.8356ms    731  partials/communities/medigy-chronic-care-management-ccm/pagination-new.html
          0    1.7282055s    2.545221ms     14.1572ms    679  partials/payment-about-your-innovation-cadd.html
          0    1.6025458s   400.63645ms    428.6419ms      4  _default/awards-single.html
         83    1.3881823s     485.208µs     20.5536ms   2861  partials/communities/medigy-chronic-care-management-ccm/related-offerings-listing.html
          0    1.3261116s    1.3261116s    1.3261116s      1  communities/medigy-pandemic/list.html
          0    1.3049924s    1.3049924s    1.3049924s      1  communities/medigy-femtech/list.html
          0    1.2982894s   19.092491ms      85.858ms     68  _default/regulated-institution.html
          0    1.2720742s     728.147µs     22.1462ms   1747  _default/li-brief-daily-discovered.html
          0    1.2523161s    178.9023ms    229.3233ms      7  communities/medigy-femtech/pageinner.html
         12    1.2290663s     913.125µs     26.4643ms   1346  partials/head-communities.html
         15     1.224185s     200.324µs     20.3246ms   6111  partials/timely-effective-care.html
          0    1.1518854s    1.1518854s    1.1518854s      1  communities/medigy-chronic-care-management-ccm/list.html
        100    1.1468864s    1.1468864s    1.1468864s      1  partials/communities/medigy-chronic-care-management-ccm/categories-home.html
         32    1.1409924s    190.1654ms    242.8811ms      6  partials/communities/medigy-chronic-care-management-ccm/bundle.html
          0    1.1289311s    1.662637ms     12.6013ms    679  partials/hdo-data-friction-cadd.html
          0    1.1008945s    1.621346ms     13.3017ms    679  partials/hdo-patient-access-cadd.html
          0    1.0997923s    1.0997923s    1.0997923s      1  communities/communities.html
        100    1.0864632s    1.0864632s    1.0864632s      1  partials/communities/sections-topic-tree.html
         44     1.073877s    1.581556ms      11.546ms    679  partials/survey-of-patients.html
          0    1.0519795s     303.776µs     20.2962ms   3463  _default/li-event.html
          0    1.0413837s    1.0413837s    1.0413837s      1  communities/medigy-security/list.html
        100    999.9679ms    999.9679ms    999.9679ms      1  partials/communities/pandemic/categories-home.html
         35    998.1139ms  166.352316ms     212.505ms      6  partials/communities/pandemic/bundle.html
        100    945.6036ms    945.6036ms    945.6036ms      1  partials/communities/medigy-femtech/categories-home.html
         30    942.3138ms    157.0523ms    236.7903ms      6  partials/communities/medigy-femtech/bundle.html
          0    934.9092ms    155.8182ms    225.7142ms      6  communities/medigy-pandemic/pageinner.html
          0    886.0865ms    886.0865ms    886.0865ms      1  _default/sitemap.xml
          0    877.3269ms   175.46538ms    204.7404ms      5  communities/medigy-chronic-care-management-ccm/pageinner.html
         46    876.9568ms      83.273µs     10.3317ms  10531  partials/cadds-common.html
          0    875.5232ms    875.5232ms    875.5232ms      1  communities/medigy-risk-and-compliance/list.html
          0     830.119ms   207.52975ms    285.8903ms      4  communities/medigy-security/pageinner.html
         30    668.5791ms     328.217µs     20.0893ms   2037  partials/complication-death-compare.html
          0    646.0353ms      18.719µs       811.9µs  34511  _internal/alias.html
         25    632.9203ms     283.693µs      5.8587ms   2231  partials/head-topics.html
        100    626.4617ms    626.4617ms    626.4617ms      1  partials/communities/medigy-security/categories-home.html
         40    622.4688ms    155.6172ms    223.0854ms      4  partials/communities/medigy-security/bundle.html
          0    595.5597ms    54.14179ms     186.064ms     11  _default/topics-single.html
        100    511.4488ms    511.4488ms    511.4488ms      1  partials/communities/medigy-risk-and-compliance/categories-home.html
         47    509.6997ms    169.8999ms    203.8913ms      3  partials/communities/medigy-risk-and-compliance/bundle.html
          0    505.8166ms   12.043252ms     37.6344ms     42  awards/single.html
         94    461.2167ms      13.894µs      2.8113ms  33193  partials/spinner-loader.html
         98    450.7993ms     717.833µs     37.1572ms    628  partials/footer.html
         34    445.0736ms     218.494µs      8.8475ms   2037  partials/unplanned-hospital-visits.html
          0    436.6615ms  145.553833ms    156.5109ms      3  communities/medigy-risk-and-compliance/pageinner.html
        100    420.4111ms     419.153µs      5.3497ms   1003  partials/communities-ccm-themeConfig.html
        100     300.323ms      23.669µs     10.6313ms  12688  partials/header-sandbox-message-box.html
          0    280.9595ms    280.9595ms    280.9595ms      1  _default/bundle.html
          0    257.7392ms    1.472795ms     24.8012ms    175  _default/li-brief-daily-trending.html
          0    251.9712ms    9.332266ms     21.1051ms     27  evaluation-facets/single.html
        100     227.869ms     227.869ms     227.869ms      1  partials/communities/medigy-security/latest-news.html
         48    218.9722ms      1.3859ms     18.3199ms    158  partials/communities/pandemic/share.html
          0    206.3117ms    206.3117ms    206.3117ms      1  _default/recognitions.html
        100    202.7664ms    202.7664ms    202.7664ms      1  partials/communities/medigy-risk-and-compliance/latest-news.html
        100    194.1437ms    194.1437ms    194.1437ms      1  partials/communities/medigy-femtech/upcoming.html
        100    180.7367ms    180.7367ms    180.7367ms      1  partials/communities/medigy-security/upcoming.html
          0    178.3038ms    178.3038ms    178.3038ms      1  section/add-suggest.html
         20     177.935ms       9.365ms      26.738ms     19  partials/upcoming-cadd-yes-no.html
          0    171.9841ms    171.9841ms    171.9841ms      1  communities/medigy-pandemic/pageinner-video.html
          0    162.2825ms    162.2825ms    162.2825ms      1  communities/medigy-chronic-care-management-ccm/pageinner-video.html
        100    158.0736ms    158.0736ms    158.0736ms      1  partials/communities/medigy-femtech/latest-news.html
        100    155.0612ms    155.0612ms    155.0612ms      1  partials/communities/pandemic/latest-news.html
        100    151.2065ms    151.2065ms    151.2065ms      1  partials/communities/pandemic/upcoming.html
         47    132.8638ms    1.581711ms     36.0614ms     84  partials/communities/medigy-security/share.html
        100    127.7904ms    127.7904ms    127.7904ms      1  partials/communities/medigy-risk-and-compliance/upcoming.html
        100     98.1634ms     587.804µs     20.8698ms    167  partials/communities-pandemic-themeConfig.html
         43     96.0653ms       70.74µs       740.9µs   1358  partials/payment-value-care.html
          0     80.0934ms       2.374µs      2.3505ms  33726  _default/single.ics
          0     69.2824ms     69.2824ms     69.2824ms      1  index.html
          0     62.6658ms     62.6658ms     62.6658ms      1  section/institutional-profile.html
         76     61.0302ms      82.696µs       782.6µs    738  partials/ccm-bread-crumb.html
         46     51.9739ms      27.041µs      1.5353ms   1922  partials/upvote.html
          0     49.3932ms      28.273µs       589.9µs   1747  partials/offering-claim-invite-widget.html
         18     47.6466ms      19.688µs         133µs   2420  partials/isso.html
         49     47.0545ms    1.425893ms      9.6436ms     33  partials/communities/medigy-risk-and-compliance/share.html
          0     44.2567ms      25.332µs       625.7µs   1747  partials/question-asked-offering.html
          0      43.429ms      43.429ms      43.429ms      1  section/my-institutions.html
          0     39.4499ms     3.94499ms     22.6701ms     10  _default/li-brief-daily-event.html
          0      39.242ms      39.242ms      39.242ms      1  section/my-profile.html
          0     36.8325ms      27.122µs       620.2µs   1358  partials/hdo-claim-invite-widget.html
        100     34.7916ms     940.313µs     10.8312ms     37  partials/communities-risk-and-compliance-new-themeConfig.html
         54     33.9747ms     808.921µs      4.1194ms     42  partials/communities/medigy-femtech/share.html
          0     31.6473ms    15.82365ms     27.5151ms      2  _default/offeror-institution.html
        100     31.1867ms     350.412µs       1.042ms     89  partials/communities-security-themeConfig.html
         77     29.0567ms      27.568µs      6.3439ms   1054  partials/star-rating.html
          0     28.2658ms     28.2658ms     28.2658ms      1  section/login.html
        100     27.3796ms     547.592µs     10.4024ms     50  partials/communities-femtech-themeConfig.html
          0     26.1136ms     26.1136ms     26.1136ms      1  section/change-password.html
          0     22.5239ms     22.5239ms     22.5239ms      1  section/my-offerings.html
          0     22.5197ms     22.5197ms     22.5197ms      1  section/feedback.html
          0     21.5391ms     21.5391ms     21.5391ms      1  section/forgotpassword.html
          0     19.3498ms    1.074988ms      3.5284ms     18  _default/li-brief-daily-news.html
          0     16.0753ms     16.0753ms     16.0753ms      1  communities/medigy-pandemic/covid.html
         93     15.3815ms      22.653µs      1.2711ms    679  partials/hospitalmap.html
         95     15.3289ms      22.575µs       448.3µs    679  partials/tooltip-with-dynamic-image.html
          0     13.6301ms     13.6301ms     13.6301ms      1  section/edit-institutional-profile.html
         31     12.8223ms      81.153µs       388.4µs    158  partials/communities/pandemic/pagination-np.html
        100     12.2278ms      19.471µs       122.5µs    628  partials/footer-sandbox-message.html
          0     11.8938ms    1.081254ms      3.5745ms     11  _default/li-offeror-institution.html
         89     11.8297ms      43.652µs      1.2117ms    271  partials/communities/medigy-chronic-care-management-ccm/inner-top-banner.html
          0     10.4982ms     10.4982ms     10.4982ms      1  section/create-ilm-project.html
        100      10.057ms      10.057ms      10.057ms      1  partials/script-add-suggest-idea-form.html
          0      9.0816ms      9.0816ms      9.0816ms      1  section/edit-ilm-project.html
          0      8.5894ms     226.036µs       3.342ms     38  _default/li-brief-daily-feed.html
          0      8.1824ms      8.1824ms      8.1824ms      1  section/search-institution.html
          0      7.5004ms      1.8751ms      3.8993ms      4  _default/li-brief-daily-award.html
          0      6.5506ms      6.5506ms      6.5506ms      1  section/about-us.html
         59      6.4566ms       9.508µs       348.3µs    679  partials/icon-for-hospital-compare.html
          0       6.426ms       6.426ms       6.426ms      1  section/edit-product.html
         26      6.0426ms      71.935µs       348.7µs     84  partials/communities/medigy-security/pagination-np.html
        100      5.9416ms      5.9416ms      5.9416ms      1  partials/communities/header.html
          0      5.8335ms      5.8335ms      5.8335ms      1  section/pending-review.html
          0      5.4577ms      5.4577ms      5.4577ms      1  section/reset-password.html
          0      5.4465ms      5.4465ms      5.4465ms      1  section/search.html
          0      5.3145ms      5.3145ms      5.3145ms      1  section/cookie-policy.html
          0      5.2636ms      5.2636ms      5.2636ms      1  section/welcome.html
        100      5.2624ms        7.75µs       363.6µs    679  partials/hdo-tab-with-dynamic-icon.html
          0      4.6281ms      4.6281ms      4.6281ms      1  section/contact-us.html
         33      3.7795ms      114.53µs       807.9µs     33  partials/communities/medigy-risk-and-compliance/pagination-np.html
        100      3.7717ms       5.554µs       306.2µs    679  partials/tooltip-with-information-icon.html
          0      3.5083ms     159.468µs       242.8µs     22  upcoming/single.ics
         22      3.4548ms      82.257µs         603µs     42  partials/communities/medigy-femtech/pagination-np.html
          0      2.7138ms      2.7138ms      2.7138ms      1  404.html
        100      2.1315ms      2.1315ms      2.1315ms      1  partials/communities/pandemic/members.html
         91      2.0912ms     298.742µs      1.2458ms      7  partials/script-add-suggest-form.html
         50      1.9191ms     479.775µs       989.1µs      4  partials/communities/sections-tree.html
        100      1.4559ms      1.4559ms      1.4559ms      1  partials/communities/head-community-landing.html
        100      1.1855ms      1.1855ms      1.1855ms      1  partials/communities/medigy-chronic-care-management-ccm/related-offerings.html
        100      1.1522ms      1.1522ms      1.1522ms      1  partials/communities/bread-crumb-community-landing.html
         36      1.0577ms       151.1µs       789.9µs      7  partials/communities/medigy-femtech/inner-top-banner.html
         45      1.0048ms     143.542µs       713.2µs      7  partials/communities/pandemic/inner-top-banner.html
         46       935.5µs     233.875µs       804.1µs      4  partials/communities/medigy-security/inner-top-banner.html
        100       886.4µs       886.4µs       886.4µs      1  partials/script-social-share.html
         58         856µs     285.333µs       761.8µs      3  partials/communities/medigy-risk-and-compliance/inner-top-banner.html
        100       839.6µs       839.6µs       839.6µs      1  partials/communities/medigy-security/top-banner.html
        100       825.2µs       825.2µs       825.2µs      1  partials/communities/medigy-femtech/members.html
        100       812.7µs       812.7µs       812.7µs      1  partials/communities/medigy-risk-and-compliance/top-banner.html
        100       807.9µs       807.9µs       807.9µs      1  partials/communities/medigy-security/members.html
        100       749.5µs       749.5µs       749.5µs      1  partials/communities/medigy-risk-and-compliance/members.html
        100       703.3µs       703.3µs       703.3µs      1  partials/communities/pandemic/top-banner.html
        100       686.2µs       686.2µs       686.2µs      1  partials/communities/medigy-chronic-care-management-ccm/top-banner.html
        100       679.7µs       679.7µs       679.7µs      1  partials/communities/medigy-femtech/top-banner.html
        100       677.3µs       677.3µs       677.3µs      1  partials/script-upvote.html
         94       611.9µs      67.988µs       362.1µs      9  partials/add-button.html
        100        72.7µs      24.233µs        69.9µs      3  partials/scripts.html


                   |   EN    
-------------------+---------
  Pages            | 110526  
  Paginator pages  |   1599  
  Non-page files   |   9622  
  Static files     |   3078  
  Processed images |      0  
  Aliases          |  34511  
  Sitemaps         |      1  
  Cleaned          |      0  

Total in 488911 ms
